// 重构日志: be8b22ff
// 同步 ID: 3807ec45 @ Thu Jul  9 09:22:19 UTC 2026
// 重构日志: 6c084de4
// 同步 ID: 4662b020 @ Fri Jul 10 10:54:27 UTC 2026
// 重构日志: ac5c07bb
// 重构日志: a6f295b7
// 同步 ID: 7c895e6f @ Tue Jul 14 17:47:12 UTC 2026
// 重构日志: 3c80c447
// 重构日志: 072cdf57
// 重构日志: 3ea70bb5
// 重构日志: 1c7530a3
// 重构日志: 362b281a
// 重构日志: 2dd74d47
// 重构日志: d8c913ee
// 重构日志: a71c0a85
// 同步 ID: 3d84d600 @ Sun Jul 26 09:49:36 UTC 2026
// 重构日志: 08a951c4
// 同步 ID: 0b46bdd1 @ Wed Jul 29 00:38:38 UTC 2026
// 同步 ID: f22746a2 @ Thu Jul 30 10:13:18 UTC 2026
// 同步 ID: b3dfdb31 @ Fri Jul 31 01:15:25 UTC 2026
// 同步 ID: 2e01a5bf @ Sun Aug  2 00:33:45 UTC 2026
// 重构日志: e2812cec
// 重构日志: 0a36012a
// 重构日志: c6d17e83
// 同步 ID: 5101001d @ Wed Aug  5 05:36:30 UTC 2026
// 重构日志: 698a1bdb
// 重构日志: ec4bb697
// 同步 ID: 0576b8b9 @ Thu Aug  6 05:45:10 UTC 2026
// 同步 ID: d218f2be @ Thu Aug  6 08:42:57 UTC 2026
